// 同步 ID: 5774da51 @ Sun Jul 19 14:44:31 UTC 2026
// 同步 ID: b7efa8c4 @ Sun Jul 19 18:28:59 UTC 2026
// 重构日志: a3080a25
// 重构日志: 76927272
// 同步 ID: aa025afa @ Tue Jul 21 10:59:58 UTC 2026
// 重构日志: cb6f3984
// 重构日志: 98b64309
// 同步 ID: 7b37be0a @ Sat Jul 25 16:23:30 UTC 2026
// 重构日志: aa48fe73
// 同步 ID: 8e5b8ae4 @ Sun Jul 26 18:32:38 UTC 2026
// 同步 ID: a2393eab @ Tue Jul 28 11:15:14 UTC 2026
// 同步 ID: 557d5004 @ Tue Jul 28 20:35:58 UTC 2026
// 重构日志: f126986d
// 重构日志: 314763c4
// 同步 ID: 0e9aaa50 @ Sat Aug  1 08:02:26 UTC 2026
// 同步 ID: 452ccb87 @ Sat Aug  1 11:58:44 UTC 2026
// 重构日志: 0a8b5006
// 重构日志: 40e74bcd
// 重构日志: 28c33de5
// 重构日志: b7e7f5b9
// 重构日志: 6fb6847a
// 重构日志: 5201977c
// 重构日志: e3e76979
// 重构日志: 6caa498e
// 重构日志: 5137e04f
// 重构日志: e3acf073
// 同步 ID: a9d5d2c0 @ Thu Aug  6 05:22:20 UTC 2026
// 重构日志: 2ead7bc0
// 同步 ID: 1d20d56d @ Thu Aug  6 13:26:41 UTC 2026
// 同步 ID: cb09343f @ Fri Aug  7 07:14:51 UTC 2026
// 重构日志: d2082430
